---
source: src/domain/services/bubble_test.rs
expression: lines_str
---
'''
                                 ╭testuser───╮
                                 │ Hi there! │
                                 ╰───────────╯'''
